C51 COMPILER V9.53.0.0   ASSERT                                                            01/21/2016 22:01:47 PAGE 1   


C51 COMPILER V9.53.0.0, COMPILATION OF MODULE ASSERT
OBJECT MODULE PLACED IN .\lib/efm8_assert/assert.OBJ
COMPILER INVOKED BY: Z:\home\pp\SimplicityStudio_v3\developer\toolchains\keil_8051\9.53\BIN\C51.exe /home/pp/SimplicityS
                    -tudio/v3_workspace/u2f-firmware/lib/efm8_assert/assert.c OMF2 SMALL DEBUG OBJECTEXTEND ROM(LARGE) WARNINGLEVEL(2) FLOATF
                    -UZZY(3) OPTIMIZE(8,SPEED) INTVECTOR(0X0000) INTPROMOTE INCDIR(/home/pp/SimplicityStudio/v3_workspace/u2f-firmware/inc/co
                    -nfig;/home/pp/SimplicityStudio/v3_workspace/u2f-firmware/inc;/home/pp/SimplicityStudio_v3/developer/sdks/si8051/v3//Devi
                    -ce/shared/si8051Base;/home/pp/SimplicityStudio_v3/developer/sdks/si8051/v3//Device/EFM8UB1;/home/pp/SimplicityStudio_v3/
                    -developer/sdks/si8051/v3//Device/EFM8UB1/inc;/home/pp/SimplicityStudio_v3/developer/sdks/si8051/v3//Lib/efm8_usb/inc;/ho
                    -me/pp/SimplicityStudio_v3/developer/sdks/si8051/v3//Device/EFM8UB1/peripheral_driver/inc;/home/pp/SimplicityStudio_v3/de
                    -veloper/sdks/si8051/v3//Lib/efm8_assert) PRINT(.\lib/efm8_assert/assert.lst) COND PAGEWIDTH(120) PAGELENGTH(65) OBJECT(.
                    -\lib/efm8_assert/assert.OBJ)

line level    source

   1          /**************************************************************************//**
   2           * Copyright (c) 2015 by Silicon Laboratories Inc. All rights reserved.
   3           *
   4           * http://developer.silabs.com/legal/version/v11/Silicon_Labs_Software_License_Agreement.txt
   5           *****************************************************************************/
   6          
   7          #ifndef NDEBUG
   8          void slab_Assert( const char * file, int line )
   9          {
  10   1        file = file;
  11   1        line = line;
  12   1      
  13   1        while ( 1 );
  14   1      }
  15          #endif


MODULE INFORMATION:   STATIC OVERLAYABLE
   CODE SIZE        =      2    ----
   CONSTANT SIZE    =   ----    ----
   XDATA SIZE       =   ----    ----
   PDATA SIZE       =   ----    ----
   DATA SIZE        =   ----    ----
   IDATA SIZE       =   ----    ----
   BIT SIZE         =   ----    ----
   EDATA SIZE       =   ----    ----
   HDATA SIZE       =   ----    ----
   XDATA CONST SIZE =   ----    ----
   FAR CONST SIZE   =   ----    ----
END OF MODULE INFORMATION.


C51 COMPILATION COMPLETE.  0 WARNING(S),  0 ERROR(S)
